C51 COMPILER V7.06   24C02__羅_一字节                                                      10/23/2014 21:16:33 PAGE 1   


C51 COMPILER V7.06, COMPILATION OF MODULE 24C02__羅_一字节
OBJECT MODULE PLACED IN 24C02-读写一字节.OBJ
COMPILER INVOKED BY: D:\keil\C51\BIN\C51.EXE 24C02-读写一字节.c BROWSE DEBUG OBJECTEXTEND

stmt level    source

   1          /********************************************************************/
   2          /*                   飞翔科技开发板专卖店                           */
   3          /*                    AT24C02模块测试代码                           */
   4          /*                         飞翔科技  助您成功                           */
   5          //实验现象：单片机向AT24C02写入一个字节数据，再将数据读出，
   6          //如果读出的数据与写入的数据一致，则点亮指示灯
   7          /*                  http://fxfreefly.taobao.com                     */
   8          /********************************************************************/
   9          #include<reg52.h> //包含头文件，一般情况不需要改动
  10          #include<intrins.h>
  11          
  12          sbit SCL = P2^0;   //定义端口 
  13          sbit SDA = P2^1;
  14          sbit LED = P2^2;
  15          
  16          #define somenop();   _nop_();_nop_();_nop_();_nop_();_nop_();_nop_();_nop_();_nop_();_nop_();_nop_();
  17          
  18          unsigned char receivedata = 0;
  19          
  20          /********************************************************************/
  21          /*                            延时函数                              */
  22          /*               延时时间的计算对应单片机12MHz的晶振                */
  23          /*            x为延时的ms数，例：x为10时，延时时间约为10ms          */
  24          /********************************************************************/
  25          void delay1ms(unsigned int x)
  26          {
  27   1              unsigned int i,j;
  28   1              for(j=0;j<x;j++)
  29   1                      for(i=0;i<123;i++);
  30   1      }
  31          
  32          /*************************************************************/
  33          /*                         启动IIC                           */
  34          /*************************************************************/
  35          void I2Cstart(void) 
  36          {
  37   1        SDA = 1;
  38   1        somenop();
  39   1        SCL = 1;
  40   1        somenop();
  41   1        somenop();
  42   1        SDA = 0;
  43   1        somenop();
  44   1        somenop();
  45   1        SCL = 0;
  46   1      }
  47          
  48          /*************************************************************/
  49          /*                       IIC发送数据                         */
  50          /*************************************************************/
  51          void I2Csend(unsigned char Data) 
  52          {
  53   1       unsigned char i=8;
  54   1       while(i) 
  55   1       {
C51 COMPILER V7.06   24C02__羅_一字节                                                      10/23/2014 21:16:33 PAGE 2   

  56   2            SCL = 0;  
  57   2            somenop();
  58   2            SDA=(Data&0x80)>>7; 
  59   2            Data<<=1; 
  60   2            somenop();
  61   2            SCL = 1;
  62   2            somenop();
  63   2            somenop();
  64   2            i--;     
  65   2       }
  66   1       SCL = 0;
  67   1      }
  68          
  69          /*************************************************************/
  70          /*                       IIC接收数据                         */
  71          /*************************************************************/
  72          unsigned char I2Creceive(void) 
  73          {
  74   1       unsigned char i=8;
  75   1       unsigned char Data=0;
  76   1       SDA = 1;
  77   1       while(i) 
  78   1       {
  79   2            SCL = 0;  
  80   2            somenop();
  81   2            somenop();
  82   2            SCL = 1;
  83   2            somenop();
  84   2            Data<<=1;
  85   2            Data|=SDA;
  86   2            somenop();
  87   2            i--;     
  88   2       }
  89   1       SCL = 0;
  90   1       return(Data);
  91   1      }
  92          
  93          /*************************************************************/
  94          /*                      IIC读取应答位                        */
  95          /*************************************************************/
  96          void I2Creadack(void) 
  97          {
  98   1        SCL = 0;
  99   1        SDA = 1;
 100   1        somenop();
 101   1        somenop();
 102   1        SCL = 1;
 103   1        somenop();
 104   1        if(SDA == 1) 
 105   1        {
 106   2           for(;;) ;  
 107   2        }
 108   1        somenop();
 109   1        SCL = 0;
 110   1        somenop();
 111   1        somenop();
 112   1      }
 113          
 114          /*************************************************************/
 115          /*                      IIC发送应答位                        */
 116          /*************************************************************/
 117          void I2Csendack(void) 
C51 COMPILER V7.06   24C02__羅_一字节                                                      10/23/2014 21:16:33 PAGE 3   

 118          {
 119   1        SCL = 0;
 120   1        somenop();
 121   1        SDA = 0;
 122   1        somenop();
 123   1        SCL = 1;
 124   1        somenop();
 125   1        somenop();
 126   1        SCL = 0;
 127   1        somenop();
 128   1        somenop();
 129   1      }
 130          
 131          /*************************************************************/
 132          /*                      IIC不发送应答位                      */
 133          /*************************************************************/
 134          void I2Csendnoack(void) 
 135          {
 136   1        SCL = 0;
 137   1        somenop();
 138   1        SDA = 1;
 139   1        somenop();
 140   1        SCL = 1;
 141   1        somenop();
 142   1        somenop();
 143   1        SCL = 0;
 144   1        somenop();
 145   1        somenop();
 146   1      }
 147          
 148          /*************************************************************/
 149          /*                         停止IIC                           */
 150          /*************************************************************/
 151          void I2Cstop(void) 
 152          {
 153   1        SCL = 0;
 154   1        SDA = 0;
 155   1        somenop(); 
 156   1        somenop();
 157   1        SCL = 1;
 158   1        somenop();
 159   1        SDA = 1; 
 160   1        somenop(); 
 161   1        somenop();
 162   1      }
 163          
 164          /*************************************************************/
 165          /*             向AT24C02写入一个字节的数据                   */
 166          /*          adr为写入的地址，Data为写入的数据                */
 167          /*************************************************************/
 168          void write_byte(unsigned char adr,unsigned char Data)
 169          {
 170   1        I2Cstart();
 171   1        I2Csend(0xa2);
 172   1        I2Creadack();
 173   1      
 174   1        I2Csend(adr);
 175   1        I2Creadack();
 176   1      
 177   1        I2Csend(Data);
 178   1        I2Creadack();
 179   1        I2Cstop();
C51 COMPILER V7.06   24C02__羅_一字节                                                      10/23/2014 21:16:33 PAGE 4   

 180   1      }
 181          
 182          /*************************************************************/
 183          /*             由AT24C02读取一个字节的数据                   */
 184          /*          adr为读取的地址，返回值为读取的数据              */
 185          /*************************************************************/
 186          unsigned char read_byte(unsigned char adr)
 187          {
 188   1        unsigned char readdata;
 189   1        I2Cstart();
 190   1        I2Csend(0xa2);
 191   1        I2Creadack();
 192   1      
 193   1        I2Csend(adr);
 194   1        I2Creadack();
 195   1      
 196   1      
 197   1        I2Cstart();
 198   1        I2Csend(0xa3);
 199   1        I2Creadack();
 200   1      
 201   1        readdata = I2Creceive();
 202   1        I2Csendnoack();
 203   1        I2Cstop();
 204   1        return readdata;
 205   1      
 206   1      }
 207          
 208          
 209          /********************************************************************/
 210          /*                              主函数                              */
 211          /********************************************************************/
 212          void main(void) 
 213          { 
 214   1              LED=1;
 215   1              delay1ms(20);
 216   1              write_byte(0x00,'A');
 217   1              delay1ms(20);
 218   1              receivedata=read_byte(0x00);
 219   1              
 220   1              if(receivedata=='A')
 221   1                      LED=0;
 222   1              
 223   1              for(;;);
 224   1      }


MODULE INFORMATION:   STATIC OVERLAYABLE
   CODE SIZE        =    602    ----
   CONSTANT SIZE    =   ----    ----
   XDATA SIZE       =   ----    ----
   PDATA SIZE       =   ----    ----
   DATA SIZE        =      1    ----
   IDATA SIZE       =   ----    ----
   BIT SIZE         =   ----    ----
END OF MODULE INFORMATION.


C51 COMPILATION COMPLETE.  0 WARNING(S),  0 ERROR(S)
