C51 COMPILER V7.06   24C02__羅_一襙                                                        10/23/2014 21:11:49 PAGE 1   


C51 COMPILER V7.06, COMPILATION OF MODULE 24C02__羅_一襙
OBJECT MODULE PLACED IN 24C02-读写一页.OBJ
COMPILER INVOKED BY: D:\keil\C51\BIN\C51.EXE 24C02-读写一页.c BROWSE DEBUG OBJECTEXTEND

stmt level    source

   1          /********************************************************************/
   2          /*                      北京天英开发中心                            */
   3          /*                       51单片机开发板                             */
   4          /*                         因为专业，所示卓越                           */
   5          /********************************************************************/
   6          #include<reg52.h> //包含头文件，一般情况不需要改动
   7          #include<intrins.h>
   8          
   9          sbit SCL = P2^0;   //定义端口 
  10          sbit SDA = P2^1;
  11          sbit LED = P2^2;
  12          
  13          #define somenop();   _nop_();_nop_();_nop_();_nop_();_nop_();_nop_();_nop_();_nop_();_nop_();_nop_();
  14          
  15          unsigned char data_send[8];
  16          unsigned char data_receive[8];
  17          unsigned char j;
  18          
  19          /********************************************************************/
  20          /*                            延时函数                              */
  21          /*               延时时间的计算对应单片机12MHz的晶振                */
  22          /*            x为延时的ms数，例：x为10时，延时时间约为10ms          */
  23          /********************************************************************/
  24          void delay1ms(unsigned int x)
  25          {
  26   1              unsigned int i,j;
  27   1              for(j=0;j<x;j++)
  28   1                      for(i=0;i<123;i++);
  29   1      }
  30          
  31          /*************************************************************/
  32          /*                         启动IIC                           */
  33          /*************************************************************/
  34          void I2Cstart(void) 
  35          {
  36   1        SDA = 1;
  37   1        somenop();
  38   1        SCL = 1;
  39   1        somenop();
  40   1        somenop();
  41   1        SDA = 0;
  42   1        somenop();
  43   1        somenop();
  44   1        SCL = 0;
  45   1      }
  46          
  47          /*************************************************************/
  48          /*                       IIC发送数据                         */
  49          /*************************************************************/
  50          void I2Csend(unsigned char Data) 
  51          {
  52   1       unsigned char i=8;
  53   1       while(i) 
  54   1       {
  55   2            SCL = 0;  
C51 COMPILER V7.06   24C02__羅_一襙                                                        10/23/2014 21:11:49 PAGE 2   

  56   2            somenop();
  57   2            SDA=(Data&0x80)>>7; 
  58   2            Data<<=1; 
  59   2            somenop();
  60   2            SCL = 1;
  61   2            somenop();
  62   2            somenop();
  63   2            i--;     
  64   2       }
  65   1       SCL = 0;
  66   1      }
  67          
  68          /*************************************************************/
  69          /*                       IIC接收数据                         */
  70          /*************************************************************/
  71          unsigned char I2Creceive(void) 
  72          {
  73   1       unsigned char i=8;
  74   1       unsigned char Data=0;
  75   1       SDA = 1;
  76   1       while(i) 
  77   1       {
  78   2            SCL = 0;  
  79   2            somenop();
  80   2            somenop();
  81   2            SCL = 1;
  82   2            somenop();
  83   2            Data<<=1;
  84   2            Data|=SDA;
  85   2            somenop();
  86   2            i--;     
  87   2       }
  88   1       SCL = 0;
  89   1       return(Data);
  90   1      }
  91          
  92          /*************************************************************/
  93          /*                      IIC读取应答位                        */
  94          /*************************************************************/
  95          void I2Creadack(void) 
  96          {
  97   1        SCL = 0;
  98   1        SDA = 1;
  99   1        somenop();
 100   1        somenop();
 101   1        SCL = 1;
 102   1        somenop();
 103   1        if(SDA == 1) 
 104   1        {
 105   2           for(;;) ;  
 106   2        }
 107   1        somenop();
 108   1        SCL = 0;
 109   1        somenop();
 110   1        somenop();
 111   1      }
 112          
 113          /*************************************************************/
 114          /*                      IIC发送应答位                        */
 115          /*************************************************************/
 116          void I2Csendack(void) 
 117          {
C51 COMPILER V7.06   24C02__羅_一襙                                                        10/23/2014 21:11:49 PAGE 3   

 118   1        SCL = 0;
 119   1        somenop();
 120   1        somenop();
 121   1        SDA = 0;
 122   1        somenop();
 123   1        SCL = 1;
 124   1        somenop();
 125   1        somenop();
 126   1        SCL = 0;
 127   1        somenop();
 128   1        somenop();
 129   1      }
 130          
 131          /*************************************************************/
 132          /*                      IIC不发送应答位                      */
 133          /*************************************************************/
 134          void I2Csendnoack(void) 
 135          {
 136   1        SCL = 0;
 137   1        somenop();
 138   1        SDA = 1;
 139   1        somenop();
 140   1        SCL = 1;
 141   1        somenop();
 142   1        somenop();
 143   1        SCL = 0;
 144   1        somenop();
 145   1        somenop();
 146   1      }
 147          
 148          /*************************************************************/
 149          /*                         停止IIC                           */
 150          /*************************************************************/
 151          void I2Cstop(void) 
 152          {
 153   1        SCL = 0;
 154   1        SDA = 0;
 155   1        somenop(); 
 156   1        somenop();
 157   1        SCL = 1;
 158   1        somenop();
 159   1        SDA = 1; 
 160   1        somenop(); 
 161   1        somenop();
 162   1      }
 163          
 164          /*************************************************************/
 165          /*             向AT24C02写入一页的数据                       */
 166          /*          adr为写入的地址，Data为写入的数据                */
 167          /*************************************************************/
 168          void write_page(unsigned char adr,unsigned char *Datain)
 169          {
 170   1              unsigned char ix;
 171   1              I2Cstart();
 172   1              I2Csend(0xa2);
 173   1              I2Creadack();
 174   1              
 175   1              I2Csend(adr);
 176   1              I2Creadack();
 177   1              
 178   1              for(ix=0;ix<8;ix++)
 179   1              {
C51 COMPILER V7.06   24C02__羅_一襙                                                        10/23/2014 21:11:49 PAGE 4   

 180   2                      I2Csend(Datain[ix]);
 181   2                      I2Creadack();
 182   2              }
 183   1              I2Cstop();
 184   1      }
 185          
 186          /*************************************************************/
 187          /*             由AT24C02读取一页的数据                       */
 188          /*          adr为读取的地址，Dataout为读取的数据             */
 189          /*************************************************************/
 190          void read_page(unsigned char adr,unsigned char *Dataout)
 191          {
 192   1              unsigned char ix;  
 193   1              I2Cstart();
 194   1              I2Csend(0xa2);
 195   1              I2Creadack();
 196   1              
 197   1              I2Csend(adr);
 198   1              I2Creadack();
 199   1              
 200   1              
 201   1              I2Cstart();
 202   1              I2Csend(0xa3);
 203   1              I2Creadack();
 204   1              
 205   1              for(ix=0;ix<8;ix++)
 206   1              {
 207   2                      Dataout[ix] = I2Creceive();
 208   2                              if(ix!=7)
 209   2                                      I2Csendack();
 210   2                              else
 211   2                                      I2Csendnoack();
 212   2              }
 213   1      
 214   1              I2Cstop();
 215   1      
 216   1      
 217   1      }
 218          
 219          
 220          /********************************************************************/
 221          /*                              主函数                              */
 222          /********************************************************************/
 223          void main(void) 
 224          { 
 225   1              LED=1;
 226   1              delay1ms(20);
 227   1              for(j=1;j<=8;j++)
 228   1                      data_send[j-1]=j;
 229   1              
 230   1              write_page(0x00,data_send);
 231   1      
 232   1              delay1ms(20);
 233   1      
 234   1              read_page(0x00,data_receive);
 235   1              
 236   1              for(j=1;j<=8;j++)
 237   1                      if(data_receive[j-1]!=j)   //如果读取的数据与写入的不同则跳出，
 238   1                              break;
 239   1      
 240   1              if(j==9)   //如果完全相同，则点亮LED灯
 241   1                      LED=0;  
C51 COMPILER V7.06   24C02__羅_一襙                                                        10/23/2014 21:11:49 PAGE 5   

 242   1              for(;;);
 243   1      }


MODULE INFORMATION:   STATIC OVERLAYABLE
   CODE SIZE        =    708    ----
   CONSTANT SIZE    =   ----    ----
   XDATA SIZE       =   ----    ----
   PDATA SIZE       =   ----    ----
   DATA SIZE        =     17       6
   IDATA SIZE       =   ----    ----
   BIT SIZE         =   ----    ----
END OF MODULE INFORMATION.


C51 COMPILATION COMPLETE.  0 WARNING(S),  0 ERROR(S)
